// Jest Snapshot v1, https://goo.gl/fbAQLP

exports[`Shields build gas build simple shield 1`] = `220805`;

exports[`Shields constructor & setup deployment gas 1`] = `16111587`;

exports[`Shields constructor & setup has bytecode size 1`] = `22602`;

exports[`Shields mint gas 1`] = `79736`;

exports[`Shields tokenURI gas min SVG lookup 1`] = `813741`;

exports[`Shields tokenURI returns the correct tokenURI 1`] = `"data:application/json;base64,eyJuYW1lIjoiQWRvcm5lZDogQnVzaGluZyBIYW1tZXIgb24gcmFkaWNhbCByZWQgYW5kIHBlcmZlY3QgcGluayBQZXIgUGFsZSIsICJkZXNjcmlwdGlvbiI6IkEgdW5pcXVlIFNoaWVsZCwgZGVzaWduZWQgYW5kIGJ1aWx0IG9uLWNoYWluLiAxIG9mIDUwMDAuIiwgImltYWdlIjogImRhdGE6aW1hZ2Uvc3ZnK3htbDtiYXNlNjQsUEhOMlp5QjRiV3h1Y3owaWFIUjBjRG92TDNkM2R5NTNNeTV2Y21jdk1qQXdNQzl6ZG1jaUlIaHRiRzV6T25oc2FXNXJQU0pvZEhSd09pOHZkM2QzTG5jekxtOXlaeTh4T1RrNUwzaHNhVzVySWlCMmFXVjNRbTk0UFNJd0lEQWdNakl3SURJMk5DSStQSEJoZEdnZ1pEMGlUVFl3SURjeWRqYzFZVFV3SURVd0lEQWdNQ0F3SURVd0lEVXdJRFV3SURVd0lEQWdNQ0F3SURVd0xUVXdWamN5V2lJZ1ptbHNiRDBpSTJaak1ETmhOU0l2UGp4d1lYUm9JR1E5SWsweE1UQWdNVGszWVRRNUxqazVOeUEwT1M0NU9UY2dNQ0F3SURBZ05UQXROVEJXTnpKb0xUVXdkakV5TlZvaUlHWnBiR3c5SWlNMU5qTXlZVGdpTHo0OFpHVm1jejQ4YkdsdVpXRnlSM0poWkdsbGJuUWdaM0poWkdsbGJuUlZibWwwY3owaWRYTmxjbE53WVdObFQyNVZjMlVpSUdsa1BTSm9NQzFoSWlCNE1UMGlNak11TmpVaUlIZ3lQU0kwTGpBeklpQjVNVDBpTVRBaUlIa3lQU0l4TUNJK1BITjBiM0FnYjJabWMyVjBQU0l3SWlCemRHOXdMV052Ykc5eVBTSm5jbUY1SWk4K1BITjBiM0FnYjJabWMyVjBQU0l4SWlCemRHOXdMV052Ykc5eVBTSWpabVptSWk4K1BDOXNhVzVsWVhKSGNtRmthV1Z1ZEQ0OGJHbHVaV0Z5UjNKaFpHbGxiblFnWjNKaFpHbGxiblJWYm1sMGN6MGlkWE5sY2xOd1lXTmxUMjVWYzJVaUlHbGtQU0pvTUMxaUlpQjRNVDBpTVRFdU1qVWlJSGd5UFNJeE1TNHlOU0lnZVRFOUlqQXVPVGdpSUhreVBTSXlNaTR5SWo0OGMzUnZjQ0J2Wm1aelpYUTlJakFpSUhOMGIzQXRZMjlzYjNJOUlpTm1abVlpTHo0OGMzUnZjQ0J2Wm1aelpYUTlJakVpSUhOMGIzQXRZMjlzYjNJOUltZHlZWGtpTHo0OEwyeHBibVZoY2tkeVlXUnBaVzUwUGp4bWFXeDBaWElnYVdROUltZ3dMV01pSUc1aGJXVTlJbk5vWVdSdmR5SStQR1psUkhKdmNGTm9ZV1J2ZHlCa2VEMGlNQ0lnWkhrOUlqSWlJSE4wWkVSbGRtbGhkR2x2YmowaU1DSXZQand2Wm1sc2RHVnlQanhzYVc1bFlYSkhjbUZrYVdWdWRDQm5jbUZrYVdWdWRGUnlZVzV6Wm05eWJUMGliV0YwY21sNEtERXNJREFzSURBc0lDMHhMQ0F3TENBeU5qUXBJaUJuY21Ga2FXVnVkRlZ1YVhSelBTSjFjMlZ5VTNCaFkyVlBibFZ6WlNJZ2FXUTlJbWd3TFdRaUlIZ3hQU0l4TURFdU16UWlJSGd5UFNJeE1UWXVOallpSUhreFBTSXhNamN1T1RnaUlIa3lQU0l4TWpjdU9UZ2lQanh6ZEc5d0lHOW1abk5sZEQwaU1DSWdjM1J2Y0MxamIyeHZjajBpWjNKaGVTSXZQanh6ZEc5d0lHOW1abk5sZEQwaU1DNHlOQ0lnYzNSdmNDMWpiMnh2Y2owaUl6UmlOR0kwWWlJdlBqeHpkRzl3SUc5bVpuTmxkRDBpTUM0Mk9DSWdjM1J2Y0MxamIyeHZjajBpSTJabVppSXZQanh6ZEc5d0lHOW1abk5sZEQwaU1TSWdjM1J2Y0MxamIyeHZjajBpWjNKaGVTSXZQand2YkdsdVpXRnlSM0poWkdsbGJuUStQR3hwYm1WaGNrZHlZV1JwWlc1MElHZHlZV1JwWlc1MFZISmhibk5tYjNKdFBTSnRZWFJ5YVhnb01Td2dNQ3dnTUN3Z0xURXNJREFzSURJMk5Da2lJR2xrUFNKb01DMWxJaUI0TVQwaU1URXdJaUI0TWowaU1URXdJaUI0YkdsdWF6cG9jbVZtUFNJamFEQXRZaUlnZVRFOUlqZ3lMakVpSUhreVBTSXhNekF1TXpVaUx6NDhiR2x1WldGeVIzSmhaR2xsYm5RZ2FXUTlJbWd3TFdZaUlIZ3hQU0l4TVRBaUlIZ3lQU0l4TVRBaUlIaHNhVzVyT21oeVpXWTlJaU5vTUMxaUlpQjVNVDBpT1RRdU16a2lJSGt5UFNJeE1UVXVOekVpTHo0OGJHbHVaV0Z5UjNKaFpHbGxiblFnWjNKaFpHbGxiblJVY21GdWMyWnZjbTA5SW0xaGRISnBlQ2d4TENBd0xDQXdMQ0F0TVN3Z01Dd2dNalkwS1NJZ1ozSmhaR2xsYm5SVmJtbDBjejBpZFhObGNsTndZV05sVDI1VmMyVWlJR2xrUFNKb01DMW5JaUI0TVQwaU1UQXdJaUI0TWowaU1USXdJaUI1TVQwaU1UY3hMalVpSUhreVBTSXhOekV1TlNJK1BITjBiM0FnYjJabWMyVjBQU0l3SWlCemRHOXdMV052Ykc5eVBTSWpabVptSWk4K1BITjBiM0FnYjJabWMyVjBQU0l3TGpVaUlITjBiM0F0WTI5c2IzSTlJbWR5WVhraUx6NDhjM1J2Y0NCdlptWnpaWFE5SWpFaUlITjBiM0F0WTI5c2IzSTlJaU5tWm1ZaUx6NDhMMnhwYm1WaGNrZHlZV1JwWlc1MFBqeHNhVzVsWVhKSGNtRmthV1Z1ZENCbmNtRmthV1Z1ZEZSeVlXNXpabTl5YlQwaWJXRjBjbWw0S0RFc0lEQXNJREFzSUMweExDQXdMQ0F5TmpRcElpQnBaRDBpYURBdGFDSWdlREU5SWpFeE5DNDVOU0lnZURJOUlqRXdOUzQyTkNJZ2VHeHBibXM2YUhKbFpqMGlJMmd3TFdJaUlIa3hQU0l4TnpRdU5qa2lJSGt5UFNJeE56UXVOamtpTHo0OGMzbHRZbTlzSUdsa1BTSm9NQzFwSWlCMmFXVjNRbTk0UFNJd0lEQWdNakl1TlRFZ01qQWlQanh3WVhSb0lHUTlJazB4TERJd2JESXdMVEl1TmpGV01pNDJNa3d4TERCYUlpQm1hV3hzUFNKMWNtd29JMmd3TFdFcElpOCtQSEJoZEdnZ1pEMGlUVEl5TGpVeExEVXVPVE1zTWpFc05pNHpNVlkwTGpRMmJERXVOVEV1TXpoYWJUQXNMamMxVERJeExEWXVNekZXT0M0eE5Xd3hMalV4TFM0ek4xcHRNQ3d6TGpkTU1qRXNNVEIyTVM0NE5Xd3hMalV4TFM0ek9GcHRNQzB4TGpnMVRESXhMRGd1TVRWV01UQnNNUzQxTVMwdU16aGFiVEFzTXk0Mk9Vd3lNU3d4TVM0NE5YWXhMamcwYkRFdU5URXRMak0zV20wd0xETXVOamxNTWpFc01UVXVOVFIyTVM0eE1Vd3VOak1zTVRrc01Td3lNR3d5TUMweUxqWXhUREl5TGpVeExERTNXbTB3TFRFdU9EUk1NakVzTVRNdU5qbDJNUzQ0Tld3eExqVXhMUzR6T0ZwTk1qRXNNaTQyTWl3eExEQklNRXd4TERFc01qRXNNeTQyTW5ZdU9EUnNNUzQxTVMwdU16ZFdNMW9pSUdacGJHdzlJblZ5YkNnamFEQXRZaWtpTHo0OEwzTjViV0p2YkQ0OEwyUmxabk0rUEdjZ1ptbHNkR1Z5UFNKMWNtd29JMmd3TFdNcElqNDhjR0YwYUNCa1BTSk5NVEU0TGpneUxERTNNaTR5TVdNd0xUVXVOakl0TXk0eE5TMDFMakkzTFRNdU1UVXRNVFF1TkRGek1TNHhMVEUzTGpBMkxERXVNUzB5TlMweUxqSXlMVGt1TURrdE1pNHlNaTAwTWk0NE9XZ3RPUzR3T1dNd0xETXpMamd0TWk0eU15d3pOUzB5TGpJekxEUXlMamc1Y3pFdU1Td3hOUzQ0TWl3eExqRXNNalV0TXk0eE5TdzRMamM1TFRNdU1UVXNNVFF1TkRFc01pNHlOeXc1TGpnNExEZ3VPRElzT1M0NE9GTXhNVGd1T0RJc01UYzNMamcwTERFeE9DNDRNaXd4TnpJdU1qRmFJaUJtYVd4c1BTSjFjbXdvSTJnd0xXUXBJaTgrUEhCaGRHZ2daRDBpVFRFeE5DNDBOU3d4TnpBdU4yTXdMVFF1TVRJdE1TNDFPUzB6TGpnMkxURXVOVGt0TVRBdU5UVnpMalUxTFRFeUxqUTNMalUxTFRFNExqSTJMVFl1T0RJdE5TNDNPQzAyTGpneUxEQXNMalUxTERFeExqVTRMalUxTERFNExqSTJMVEV1TlRnc05pNDBNeTB4TGpVNExERXdMalUxTERFdU1UUXNOeTR5TXl3MExqUTBMRGN1TWpOVE1URTBMalExTERFM05DNDRNU3d4TVRRdU5EVXNNVGN3TGpkYUlpQm1hV3hzUFNKMWNtd29JMmd3TFdVcElpOCtQSEJoZEdnZ1pEMGlUVEV5TUN3NU1rZ3hNREIyTWpCb01qQmFJaUJtYVd4c1BTSjFjbXdvSTJnd0xXWXBJaTgrUEhWelpTQm9aV2xuYUhROUlqSXdJaUIwY21GdWMyWnZjbTA5SW5SeVlXNXpiR0YwWlNneE1Ua2dPVElwSWlCM2FXUjBhRDBpTWpJdU5URWlJSGhzYVc1ck9taHlaV1k5SWlOb01DMXBJaTgrUEhWelpTQm9aV2xuYUhROUlqSXdJaUIwY21GdWMyWnZjbTA5SW0xaGRISnBlQ2d0TVN3Z01Dd2dNQ3dnTVN3Z01UQXhMQ0E1TWlraUlIZHBaSFJvUFNJeU1pNDFNU0lnZUd4cGJtczZhSEpsWmowaUkyZ3dMV2tpTHo0OGNHRjBhQ0JrUFNKTk1UQXdMRGt6YkRFdE1XZ3hPR3d4TERGYUlpQm1hV3hzUFNKMWNtd29JMmd3TFdjcElpOCtQSEJoZEdnZ1pEMGlUVEV4TXk0MU5TdzRPQzQyT0dndE55NHdPV3d0TVN3eExqSTNhRGt1TURsYUlpQm1hV3hzUFNKMWNtd29JMmd3TFdncElpOCtQQzluUGp4a1pXWnpQanhzYVc1bFlYSkhjbUZrYVdWdWRDQnBaRDBpWm5Jd0xXRWlJSGd4UFNJd0lpQjRNajBpTUNJZ2VURTlJakFpSUhreVBTSXhJajQ4YzNSdmNDQnZabVp6WlhROUlqQWlJSE4wYjNBdFkyOXNiM0k5SWlObVptWWlMejQ4YzNSdmNDQnZabVp6WlhROUlpNDFJaUJ6ZEc5d0xXTnZiRzl5UFNKbmNtRjVJaTgrUEhOMGIzQWdiMlptYzJWMFBTSXhJaUJ6ZEc5d0xXTnZiRzl5UFNJalptWm1JaTgrUEM5c2FXNWxZWEpIY21Ga2FXVnVkRDQ4YkdsdVpXRnlSM0poWkdsbGJuUWdhV1E5SW1aeU1DMWpJaUI0TVQwaU1DSWdlREk5SWpFaUlIaHNhVzVyT21oeVpXWTlJaU5tY2pBdFlTSWdlVEU5SWpBaUlIa3lQU0l3SWk4K1BHeHBibVZoY2tkeVlXUnBaVzUwSUdsa1BTSm1jakF0WWlJZ2VERTlJakFpSUhneVBTSXhJaUI1TVQwaU1DSWdlVEk5SWpBaVBqeHpkRzl3SUc5bVpuTmxkRDBpTUNJZ2MzUnZjQzFqYjJ4dmNqMGlaM0poZVNJdlBqeHpkRzl3SUc5bVpuTmxkRDBpTGpVaUlITjBiM0F0WTI5c2IzSTlJaU5tWm1ZaUx6NDhjM1J2Y0NCdlptWnpaWFE5SWpFaUlITjBiM0F0WTI5c2IzSTlJbWR5WVhraUx6NDhMMnhwYm1WaGNrZHlZV1JwWlc1MFBqeHNhVzVsWVhKSGNtRmthV1Z1ZENCcFpEMGlabkl3TFdRaUlIZ3hQU0l3SWlCNE1qMGlNQ0lnZUd4cGJtczZhSEpsWmowaUkyWnlNQzFpSWlCNU1UMGlNQ0lnZVRJOUlqRWlMejQ4YkdsdVpXRnlSM0poWkdsbGJuUWdhV1E5SW1aeU1DMWxJaUI0TVQwaU1DSWdlREk5SWpBaUlIa3hQU0l4SWlCNU1qMGlNQ0krUEhOMGIzQWdiMlptYzJWMFBTSXdJaUJ6ZEc5d0xXTnZiRzl5UFNKbmNtRjVJaTgrUEhOMGIzQWdiMlptYzJWMFBTSXhJaUJ6ZEc5d0xXTnZiRzl5UFNJalptWm1JaTgrUEM5c2FXNWxZWEpIY21Ga2FXVnVkRDQ4TDJSbFpuTStQSEJoZEdnZ1pEMGlUVEV4TUNBeU1EUmhOVFV1TURZZ05UVXVNRFlnTUNBd0lERXROVFV0TlRWV05qaG9NVEV3ZGpneFlUVTFMakEySURVMUxqQTJJREFnTUNBeExUVTFJRFUxV2lJZ1ptbHNiRDBpYm05dVpTSWdjM1J5YjJ0bFBTSWpNREF3SWlCemRISnZhMlV0ZDJsa2RHZzlJamt1T0NJdlBqeHdZWFJvSUdROUlrMHhNVEFnTWpBeVlUVTFMakEySURVMUxqQTJJREFnTUNBeExUVTFMVFUxVmpZM2FERXhNSFk0TUdFMU5TNHdOaUExTlM0d05pQXdJREFnTVMwMU5TQTFOVm9pSUdacGJHdzlJbTV2Ym1VaUlITjBjbTlyWlQwaWRYSnNLQ05tY2pBdFlTa2lJSE4wY205clpTMTNhV1IwYUQwaU1UQWlMejQ4Y0dGMGFDQmtQU0pOTlRVZ05qZG9NVEV3YkRVdE5VZzFNRm9pSUdacGJHdzlJblZ5YkNnalpuSXdMV01wSWk4K1BIQmhkR2dnWkQwaWJUVTFJRFkzSURVZ05XZ3hNREJzTlMwMVdpSWdabWxzYkQwaWRYSnNLQ05tY2pBdFlpa2lMejQ4Y0dGMGFDQmtQU0pOTVRZMUlEWTNkamd3WVRVMUlEVTFJREFnTUNBeExURXhNQ0F3VmpZM2JDMDFMVFYyT0RWaE5qQWdOakFnTUNBd0lEQWdNVEl3SURCV05qSmFJaUJtYVd4c1BTSjFjbXdvSTJaeU1DMWtLU0l2UGp4d1lYUm9JR1E5SWsweE1UQWdNakF5WVRVMUxqQTJJRFUxTGpBMklEQWdNQ0F4TFRVMUxUVTFWalkzYURFeE1IWTRNR0UxTlM0d05pQTFOUzR3TmlBd0lEQWdNUzAxTlNBMU5Wb2lJR1pwYkd3OUltNXZibVVpSUhOMGNtOXJaVDBpZFhKc0tDTm1jakF0WlNraUx6NDhjR0YwYUNCa1BTSk5NQ0F3YURJeU1IWXlOalJJTUhvaUlHWnBiR3c5SW01dmJtVWlMejQ4TDNOMlp6ND0iLCAiYXR0cmlidXRlcyI6IFt7InRyYWl0X3R5cGUiOiJGaWVsZCIsICJ2YWx1ZSI6IlBlciBQYWxlIn0sIHsidHJhaXRfdHlwZSI6IkhhcmR3YXJlIiwgInZhbHVlIjoiQnVzaGluZyBIYW1tZXIifSwgeyJ0cmFpdF90eXBlIjoiU3RhdHVzIiwgInZhbHVlIjoiQnVpbHQifSwgeyJ0cmFpdF90eXBlIjoiRmllbGQgVHlwZSIsICJ2YWx1ZSI6IkhlcmFsZGljIn0sIHsidHJhaXRfdHlwZSI6IkhhcmR3YXJlIFR5cGUiLCAidmFsdWUiOiJTdGFuZGFyZCJ9LCB7InRyYWl0X3R5cGUiOiJGcmFtZSIsICJ2YWx1ZSI6IkFkb3JuZWQifSwgeyJ0cmFpdF90eXBlIjoiQ29sb3IgMSIsICJ2YWx1ZSI6InJhZGljYWwgcmVkIn0sIHsidHJhaXRfdHlwZSI6IkNvbG9yIDIiLCAidmFsdWUiOiJwZXJmZWN0IHBpbmsifV19"`;

exports[`Shields tokenURI returns the correct tokenURI for unbuilt maker mint badge 1`] = `"data:application/json;base64,eyJuYW1lIjoiTWFrZXIgU2hpZWxkIEJhZGdlIiwgImRlc2NyaXB0aW9uIjoiQW4gdW51c2VkIFNoaWVsZCBCYWRnZS4gQ2FuIGJlIHVzZWQgdG8gYnVpbGQgMSBTaGllbGQuIiwgImltYWdlIjogImRhdGE6aW1hZ2Uvc3ZnK3htbDtiYXNlNjQsUEhOMlp5QjRiV3h1Y3owaWFIUjBjRG92TDNkM2R5NTNNeTV2Y21jdk1qQXdNQzl6ZG1jaUlIaHRiRHB6Y0dGalpUMGljSEpsYzJWeWRtVWlJSFpwWlhkQ2IzZzlJakFnTUNBMU1EQWdOakF3SWo0OGJHbHVaV0Z5UjNKaFpHbGxiblFnYVdROUltRWlJSGd4UFNJeE1UQXVOU0lnZURJOUlqTTRPUzQxSWlCNU1UMGlPREl1TmpnaUlIa3lQU0k0TWk0Mk9DSWdaM0poWkdsbGJuUlZibWwwY3owaWRYTmxjbE53WVdObFQyNVZjMlVpUGp4emRHOXdJRzltWm5ObGREMGlNQ0lnYzNSdmNDMWpiMnh2Y2owaUl6UmlOR0kwWWlJdlBqeHpkRzl3SUc5bVpuTmxkRDBpTGpVaUlITjBiM0F0WTI5c2IzSTlJbWR5WVhraUx6NDhjM1J2Y0NCdlptWnpaWFE5SWpFaUlITjBiM0F0WTI5c2IzSTlJaU0wWWpSaU5HSWlMejQ4TDJ4cGJtVmhja2R5WVdScFpXNTBQanh3WVhSb0lHWnBiR3c5SW5WeWJDZ2pZU2tpSUdROUlrMHpOemN1TVRRZ056WXVOVWd4TWpJdU9EWmhNVEl1TXpjZ01USXVNemNnTUNBd0lEQXRNVEl1TXpZZ01USXVNelpvTWpjNVl6QXROaTQ0TWkwMUxqVTBMVEV5TGpNMkxURXlMak0yTFRFeUxqTTJlaUl2UGp4d1lYUm9JR1pwYkd3OUlpTXhSVEZGTVVVaUlHUTlJazB4TWpJdU9EWWdOVEl4TGpWaE1USXVNemNnTVRJdU16Y2dNQ0F3SURFdE1USXVNell0TVRJdU16WldPVEF1T0Raak1DMDJMamd5SURVdU5UUXRNVEl1TXpZZ01USXVNell0TVRJdU16Wm9NalUwTGpJNFl6WXVPRElnTUNBeE1pNHpOaUExTGpVMElERXlMak0ySURFeUxqTTJkalF4T0M0eU9HTXdJRFl1T0RJdE5TNDFOQ0F4TWk0ek5pMHhNaTR6TmlBeE1pNHpOa2d4TWpJdU9EWjZJaTgrUEhCaGRHZ2dabWxzYkQwaWJtOXVaU0lnYzNSeWIydGxQU0puY21GNUlpQnpkSEp2YTJVdGJHbHVaV05oY0QwaWNtOTFibVFpSUhOMGNtOXJaUzFzYVc1bGFtOXBiajBpY205MWJtUWlJSE4wY205clpTMXRhWFJsY214cGJXbDBQU0l4TUNJZ2MzUnliMnRsTFhkcFpIUm9QU0l6SWlCa1BTSk5NelUyTGpNMklERTFNUzR6TVdFeU5pNDVPQ0F5Tmk0NU9DQXdJREFnTUNBd0xUSTJMamd6YlMwMUxqUTJJREl6TGpZNFl6UXVNVGt0Tnk0eU1pQXlMamsyTFRFMUxqUXpJREF0TWpBdU5UTnRMVFV1TkRVZ01UY3VNemhoTVRRdU1TQXhOQzR4SURBZ01DQXdJREF0TVRRdU1qUk5NelF3SURFME1TNDRObUU0TGpFZ09DNHhJREFnTUNBd0lEQXROeTQ1TkNJdlBqeHdZWFJvSUdacGJHdzlJbTV2Ym1VaUlITjBjbTlyWlQwaVozSmhlU0lnYzNSeWIydGxMVzFwZEdWeWJHbHRhWFE5SWpFd0lpQmtQU0pOTWpVd0lERTVPQzR3TW5Zek1USnRMVEV4TUMwek1USjJNekV5YlRFeE1DQXdkaTB5TkNJdlBqeHdZWFJvSUdacGJHdzlJbTV2Ym1VaUlITjBjbTlyWlQwaVozSmhlU0lnYzNSeWIydGxMVzFwZEdWeWJHbHRhWFE5SWpFd0lpQnpkSEp2YTJVdGQybGtkR2c5SWk0NU1TSWdaRDBpVFRFeU1DQXpOVFF1TURKb01qWXdiUzB5TmpBZ01UTXlhREkyTUcwdE1qWXdMVEkyTkdneU5qQWlMejQ4Y0dGMGFDQm1hV3hzUFNKdWIyNWxJaUJ6ZEhKdmEyVTlJbWR5WVhraUlITjBjbTlyWlMxdGFYUmxjbXhwYldsMFBTSXhNQ0lnWkQwaVRUTTJNQ0F4T1RndU1ESjJNekV5SWk4K1BIQmhkR2dnWm1sc2JEMGlJekZGTVVVeFJTSWdaRDBpVFRNM01DQTBPVFl1TURKMkxUSTRORWd4TXpCMk1qZzBhREkwTUhvaUx6NDhaeUJ6ZEhKdmEyVTlJaU14UlRGRk1VVWlJSE4wY205clpTMXRhWFJsY214cGJXbDBQU0l4TUNJZ2MzUnliMnRsTFhkcFpIUm9QU0l6SWo0OGNHRjBhQ0JtYVd4c1BTSWpORUkwUWpSQ0lpQmtQU0pOTXpZd0lESXlNaTR3TWtneE5EQjJNalkwYURJeU1IWXRNalkwSWk4K1BIQmhkR2dnWm1sc2JEMGlibTl1WlNJZ1pEMGlUVEUxTUNBeU1qSXVNREoyTWpZMGJURXdMVEkyTkhZeU5qUnRNVEF0TWpZMGRqSTJORzB4TUMweU5qUjJNalkwYlRFd0xUSTJOSFl5TmpSdE1UQXRNalkwZGpJMk5HMHhNQzB5TmpSMk1qWTBiVEV3TFRJMk5IWXlOalJ0TVRBdE1qWTBkakkyTkcweE1DMHlOalIyTWpZMGJURXdMVEkyTkhZeU5qUnRNVEF0TWpZMGRqSTJORzB4TUMweU5qUjJNalkwYlRFd0xUSTJOSFl5TmpSdE1UQXRNalkwZGpJMk5HMHhNQzB5TmpSMk1qWTBiVEV3TFRJMk5IWXlOalJ0TVRBdE1qWTBkakkyTkcweE1DMHlOalIyTWpZMGJURXdMVEkyTkhZeU5qUnRNVEF0TWpZMGRqSTJORzB0TWpFd0xURXlhREl5TUcwdE1qSXdMVEV5YURJeU1HMHRNakl3TFRFeWFESXlNRzB0TWpJd0xURXlhREl5TUcwdE1qSXdMVEV5YURJeU1HMHRNakl3TFRFeWFESXlNRzB0TWpJd0xURXlhREl5TUcwdE1qSXdMVEV5YURJeU1HMHRNakl3TFRFeWFESXlNRzB0TWpJd0xURXlhREl5TUcwdE1qSXdMVEV5YURJeU1HMHRNakl3TFRFeWFESXlNRzB0TWpJd0xURXlhREl5TUcwdE1qSXdMVEV5YURJeU1HMHRNakl3TFRFeWFESXlNRzB0TWpJd0xURXlhREl5TUcwdE1qSXdMVEV5YURJeU1HMHRNakl3TFRFeWFESXlNRzB0TWpJd0xURXlhREl5TUcwdE1qSXdMVEV5YURJeU1HMHRNakl3TFRFeWFESXlNQ0l2UGp3dlp6NDhaeUJtYVd4c1BTSnViMjVsSWlCemRISnZhMlU5SWlNeFJURkZNVVVpSUhOMGNtOXJaUzF0YVhSbGNteHBiV2wwUFNJeE1DSWdjM1J5YjJ0bExYZHBaSFJvUFNJMElqNDhZMmx5WTJ4bElHTjRQU0l5TURBaUlHTjVQU0l6TlRRaUlISTlJak1pTHo0OFkybHlZMnhsSUdONFBTSXlNalVpSUdONVBTSXpNalFpSUhJOUlqTWlMejQ4WTJseVkyeGxJR040UFNJeU1qVWlJR041UFNJek9EUWlJSEk5SWpNaUx6NDhZMmx5WTJ4bElHTjRQU0l5TnpVaUlHTjVQU0l6TWpRaUlISTlJak1pTHo0OFkybHlZMnhsSUdONFBTSXlOelVpSUdONVBTSXpPRFFpSUhJOUlqTWlMejQ4WTJseVkyeGxJR040UFNJeU5UQWlJR041UFNJek5UUWlJSEk5SWpNaUx6NDhZMmx5WTJ4bElHTjRQU0l6TURBaUlHTjVQU0l6TlRRaUlISTlJak1pTHo0OFkybHlZMnhsSUdONFBTSXlOVEFpSUdONVBTSTBNVFFpSUhJOUlqTWlMejQ4WTJseVkyeGxJR040UFNJeU1EQWlJR041UFNJeU9UUWlJSEk5SWpNaUx6NDhZMmx5WTJ4bElHTjRQU0l5TlRBaUlHTjVQU0l5T1RRaUlISTlJak1pTHo0OFkybHlZMnhsSUdONFBTSXpNREFpSUdONVBTSXlPVFFpSUhJOUlqTWlMejQ4TDJjK1BIQmhkR2dnWm1sc2JEMGlibTl1WlNJZ2MzUnliMnRsUFNJak1VVXhSVEZGSWlCemRISnZhMlV0YldsMFpYSnNhVzFwZEQwaU1UQWlJSE4wY205clpTMTNhV1IwYUQwaU5DSWdaRDBpVFRJME5DNDBNaUF6TVRndU1YWXlNUzQzTW1FeE5DNDBPQ0F4TkM0ME9DQXdJREVnTVMweU9DNDVOaUF3VmpNeE9DNHhhREk0TGprMmVtMDBNQzR4TWlBd2RqSXhMamN5WVRFMExqUTRJREUwTGpRNElEQWdNU0F4TFRJNExqazJJREJXTXpFNExqRm9Namd1T1RaNmJTMHlNQzR3TmlBME5TNDBkakl4TGpjeVlURTBMalE0SURFMExqUTRJREFnTVNBeExUSTRMamsySURCV016WXpMalZvTWpndU9UWjZJaTgrUEhCaGRHZ2dabWxzYkQwaWJtOXVaU0lnYzNSeWIydGxQU0lqTVVVeFJURkZJaUJ6ZEhKdmEyVXRkMmxrZEdnOUlqUWlJR1E5SWsweU5UQWdORGcyTGpBeWRpMHlOalJ0TVRFd0lEQklNVFF3ZGpJMk5HZ3lNakIyTFRJMk5IcHRNQ0F4TXpKSU1UUXdJaTgrUEdjZ1ptbHNiRDBpYm05dVpTSWdjM1J5YjJ0bExXMXBkR1Z5YkdsdGFYUTlJakV3SWo0OGNHRjBhQ0J6ZEhKdmEyVTlJaU14UlRGRk1VVWlJSE4wY205clpTMTNhV1IwYUQwaU5DSWdaRDBpYlRFME1DQTBPRFl1TURJZ01qSXdMVEkyTkcwd0lESTJOQzB5TWpBdE1qWTBiVEV4TUNBeU5qUjJMVEkyTkcwd0lERTVNaTAxTUMwMk1HMDFNQ0EyTUNBMU1DMDJNRzB0TlRBdE5qQXROVEFnTmpCdE5UQXROakFnTlRBZ05qQnRNQ0F4TkM0NU9HRTFNQzR3TVNBMU1DNHdNU0F3SURBZ01TMDFNQ0ExTUNBMU1DNHdOQ0ExTUM0d05DQXdJREFnTVMwek5TNHpOaTB4TkM0Mk5FRTFNQzR3TkNBMU1DNHdOQ0F3SURBZ01TQXlNREFnTXpZNWRpMDNOV2d4TURCMk56VjZiVFl3TFRFMExqazRTREUwTUcweU1qQXRNVE15U0RFME1IWXlOalJvTWpJd2RpMHlOalI2SWk4K1BIQmhkR2dnYzNSeWIydGxQU0puY21GNUlpQmtQU0p0TVRRd0lEUTROaTR3TWlBeU1qQXRNalkwYlRBZ01qWTBMVEl5TUMweU5qUnRNVEV3SURJMk5IWXRNalkwYlRBZ01Ua3lMVFV3TFRZd2JUVXdJRFl3SURVd0xUWXdiUzAxTUMwMk1DMDFNQ0EyTUcwMU1DMDJNQ0ExTUNBMk1HMHdJREUwTGprNFlUVXdMakF4SURVd0xqQXhJREFnTUNBeExUVXdJRFV3SURVd0xqQTBJRFV3TGpBMElEQWdNQ0F4TFRNMUxqTTJMVEUwTGpZMFFUVXdMakEwSURVd0xqQTBJREFnTUNBeElESXdNQ0F6TmpsMkxUYzFhREV3TUhZM05YcHROakF0TVRRdU9UaElNVFF3YlRJeU1DMHhNekpJTVRRd2RqSTJOR2d5TWpCMkxUSTJOSG9pTHo0OEwyYytQR2NnWm1sc2JEMGlaM0poZVNJK1BHTnBjbU5zWlNCamVEMGlNakF3SWlCamVUMGlNelUwSWlCeVBTSXpJaTgrUEdOcGNtTnNaU0JqZUQwaU1qSTFJaUJqZVQwaU16STBJaUJ5UFNJeklpOCtQR05wY21Oc1pTQmplRDBpTWpJMUlpQmplVDBpTXpnMElpQnlQU0l6SWk4K1BHTnBjbU5zWlNCamVEMGlNamMxSWlCamVUMGlNekkwSWlCeVBTSXpJaTgrUEdOcGNtTnNaU0JqZUQwaU1qYzFJaUJqZVQwaU16ZzBJaUJ5UFNJeklpOCtQR05wY21Oc1pTQmplRDBpTWpVd0lpQmplVDBpTXpVMElpQnlQU0l6SWk4K1BHTnBjbU5zWlNCamVEMGlNekF3SWlCamVUMGlNelUwSWlCeVBTSXpJaTgrUEdOcGNtTnNaU0JqZUQwaU1qVXdJaUJqZVQwaU5ERTBJaUJ5UFNJeklpOCtQR05wY21Oc1pTQmplRDBpTWpBd0lpQmplVDBpTWprMElpQnlQU0l6SWk4K1BHTnBjbU5zWlNCamVEMGlNalV3SWlCamVUMGlNamswSWlCeVBTSXpJaTgrUEdOcGNtTnNaU0JqZUQwaU16QXdJaUJqZVQwaU1qazBJaUJ5UFNJeklpOCtQQzluUGp4c2FXNWxZWEpIY21Ga2FXVnVkQ0JwWkQwaVlpSWdlREU5SWpFME5pNDRNeUlnZURJOUlqRTFPUzQxT1NJZ2VURTlJakUzTkM0M05pSWdlVEk5SWpFME5DNHlNaUlnWjNKaFpHbGxiblJWYm1sMGN6MGlkWE5sY2xOd1lXTmxUMjVWYzJVaVBqeHpkRzl3SUc5bVpuTmxkRDBpTUNJZ2MzUnZjQzFqYjJ4dmNqMGlJelkyWWpKbVppSXZQanh6ZEc5d0lHOW1abk5sZEQwaU1TSWdjM1J2Y0MxamIyeHZjajBpSXpBd04yWm1aaUl2UGp3dmJHbHVaV0Z5UjNKaFpHbGxiblErUEhCaGRHZ2dabWxzYkQwaWRYSnNLQ05pS1NJZ1pEMGliVEU0TmlBeE1EZ2dMamtnTWk0eE5pMDRMaklnT1M0NE5HZ3RNaTQwYkMwNExqSXRPUzQ0TkM0NUxUSXVNVFpvTVRkNmJTNDBNU0F5T1NBdU5Ea3RNUzR4TmkwNExqSXRPUzQ0TkdndE1pNDBiQzA0TGpJZ09TNDROQzQwT1NBeExqRTJhREUzTGpneWVtMHRNVGt1T1MweU5TNDJNeTB1TlRFdU1qSjJNakl1T0RKc0xqVXhMakl5SURndE9TNDFPVll4TWpGc0xUZ3RPUzQyTTNwTk1UWTBJREV6TkM0ME1YWXRNakl1T0RKc0xTNDFNUzB1TWpJdE55NDVPU0E1TGpZemRqUnNPQ0E1TGpVNUxqVXRMakU0ZWsweE5URXVNeUF4TWpac0xUZ3VNaUE1TGpnMExqUTVJREV1TVRab01UY3VPREpzTGpRNUxURXVNVFl0T0M0eUxUa3VPRFJvTFRJdU5IcHRNamt1TWlBeU5YWTBiRFFnTkM0M00yZ3hMakEzWVRJMExqZ3hJREkwTGpneElEQWdNQ0F3SURRdU5ETXRNVFF1TWpSV01UUXliQzB4TGpVeExTNDJNaTAzTGprNUlEa3VOako2YlMwek1TQXdMVGd0T1M0MU9DMHhMalV1TlRoMk15NDFZVEkwTGpnNUlESTBMamc1SURBZ01DQXdJRFF1TkRnZ01UUXVNamhvTVM0d04ydzBMVFF1TnpRdExqQTFMVFF1TURSNmJUTXhMVE13ZGpSc09DQTVMalU1SURFdU5TMHVOVGwyTFRJeWJDMHhMalV4TFM0Mk15MDNMams1SURrdU5qTjZiVEl1TmpRZ05EQXVNemhNTVRjNExqY2dNVFUyYUMweUxqUnNMVGd1TXlBeE1IWXpMalpzTVM0d05pNDJNV0V5TkM0NUlESTBMamtnTUNBd0lEQWdNVFF1TURrdE55NDBPR3d0TGpBeExURXVNelY2VFRFM09DNDNJREUxTUd3NExqSXRPUzQ0TkMwdU5Ea3RNUzR4Tm1ndE1UY3VPREpzTFM0ME9TQXhMakUySURndU1pQTVMamcwYURJdU5IcE5NVFl5SURFMk9TNDFPRll4Tmpac0xUZ3VNeTB4TUdndE1pNDBiQzAwTGpRMElEVXVNelIyTVM0ek5XRXlOU0F5TlNBd0lEQWdNQ0F4TkM0eE5DQTNMalE1YkRFdExqWjZUVEUzTkM0MUlERTFNV3d0T0MwNUxqVTVMUzQxTVM0eU1sWXhOalJzTGpjekxqTTJJRGN1TnpndE9TNHpObll0TkhwTk1UWTBJREUyTkhZdE1qSXVOREZzTFM0MU1TMHVNakl0Tnk0NU9TQTVMall6ZGpSc055NDNOeUE1TGpNeUxqY3pMUzR6TW5wdExUSXlMalE1TFRJNUxqTTNJRGd0T1M0MU9WWXhNakZzTFRndE9TNDFPUzB4TGpVeExqVTVkakl5YkRFdU5URXVOak42VFRFMU15NDNJREUxTUd3NExqSXRPUzQ0TkMwdU5Ea3RNUzR4Tm1ndE1UY3VPREpzTFM0ME9TQXhMakUySURndU1pQTVMamcwYURJdU5IcHRMVGt1TnkwME1pMHVPU0F5TGpFMklEZ3VNaUE1TGpnMGFESXVOR3c0TGpJdE9TNDROQzB1T1MweUxqRTJhQzB4TjNvaUx6NDhjR0YwYUNCbWFXeHNQU0puY21GNUlpQmtQU0pOTWpRMExqUXlJRE14T0M0eGRqSXhMamN5WVRFMExqUTRJREUwTGpRNElEQWdNU0F4TFRJNExqazJJREJXTXpFNExqRm9Namd1T1RaNmJUUXdMakV5SURCMk1qRXVOekpoTVRRdU5EZ2dNVFF1TkRnZ01DQXhJREV0TWpndU9UWWdNRll6TVRndU1XZ3lPQzQ1Tm5wdExUSXdMakEySURRMUxqUjJNakV1TnpKaE1UUXVORGdnTVRRdU5EZ2dNQ0F4SURFdE1qZ3VPVFlnTUZZek5qTXVOV2d5T0M0NU5ub2lMejQ4TDNOMlp6ND0iLCAiYXR0cmlidXRlcyI6IFt7InRyYWl0X3R5cGUiOiAiU3RhdHVzIiwgInZhbHVlIjoiVW5idWlsdCJ9XX0="`;

exports[`Shields tokenURI returns the correct tokenURI for unbuilt standard mint badge 1`] = `"data:application/json;base64,eyJuYW1lIjoiU2hpZWxkIEJhZGdlIiwgImRlc2NyaXB0aW9uIjoiQW4gdW51c2VkIFNoaWVsZCBCYWRnZS4gQ2FuIGJlIHVzZWQgdG8gYnVpbGQgMSBTaGllbGQuIiwgImltYWdlIjogImRhdGE6aW1hZ2Uvc3ZnK3htbDtiYXNlNjQsUEhOMlp5QjRiV3h1Y3owaWFIUjBjRG92TDNkM2R5NTNNeTV2Y21jdk1qQXdNQzl6ZG1jaUlIaHRiRHB6Y0dGalpUMGljSEpsYzJWeWRtVWlJSFpwWlhkQ2IzZzlJakFnTUNBMU1EQWdOakF3SWo0OGJHbHVaV0Z5UjNKaFpHbGxiblFnYVdROUltRWlJSGd4UFNJeE1UQXVOU0lnZURJOUlqTTRPUzQxSWlCNU1UMGlPREl1TmpnaUlIa3lQU0k0TWk0Mk9DSWdaM0poWkdsbGJuUlZibWwwY3owaWRYTmxjbE53WVdObFQyNVZjMlVpUGp4emRHOXdJRzltWm5ObGREMGlNQ0lnYzNSdmNDMWpiMnh2Y2owaUkyRTVZVGxoT1NJdlBqeHpkRzl3SUc5bVpuTmxkRDBpTGpVaUlITjBiM0F0WTI5c2IzSTlJaU5tWm1ZaUx6NDhjM1J2Y0NCdlptWnpaWFE5SWpFaUlITjBiM0F0WTI5c2IzSTlJaU5oT1dFNVlUa2lMejQ4TDJ4cGJtVmhja2R5WVdScFpXNTBQanh3WVhSb0lHWnBiR3c5SW5WeWJDZ2pZU2tpSUdROUlrMHpOemN1TVRRZ056WXVOVWd4TWpJdU9EWmhNVEl1TXpjZ01USXVNemNnTUNBd0lEQXRNVEl1TXpZZ01USXVNelpvTWpjNVl6QXROaTQ0TWkwMUxqVTBMVEV5TGpNMkxURXlMak0yTFRFeUxqTTJlaUl2UGp4d1lYUm9JR1pwYkd3OUlpTXdNRGRHUmtZaUlHUTlJazB4TWpJdU9EWWdOVEl4TGpWaE1USXVNemNnTVRJdU16Y2dNQ0F3SURFdE1USXVNell0TVRJdU16WldPVEF1T0Raak1DMDJMamd5SURVdU5UUXRNVEl1TXpZZ01USXVNell0TVRJdU16Wm9NalUwTGpJNFl6WXVPRElnTUNBeE1pNHpOaUExTGpVMElERXlMak0ySURFeUxqTTJkalF4T0M0eU9HTXdJRFl1T0RJdE5TNDFOQ0F4TWk0ek5pMHhNaTR6TmlBeE1pNHpOa2d4TWpJdU9EWjZJaTgrUEhCaGRHZ2dabWxzYkQwaWJtOXVaU0lnYzNSeWIydGxQU0lqUmtaR0lpQnpkSEp2YTJVdGJHbHVaV05oY0QwaWNtOTFibVFpSUhOMGNtOXJaUzFzYVc1bGFtOXBiajBpY205MWJtUWlJSE4wY205clpTMXRhWFJsY214cGJXbDBQU0l4TUNJZ2MzUnliMnRsTFhkcFpIUm9QU0l6SWlCa1BTSk5NelUyTGpNMklERTFNUzR6TVdFeU5pNDVPQ0F5Tmk0NU9DQXdJREFnTUNBd0xUSTJMamd6YlMwMUxqUTJJREl6TGpZNFl6UXVNVGt0Tnk0eU1pQXlMamsyTFRFMUxqUXpJREF0TWpBdU5UTnRMVFV1TkRVZ01UY3VNemhoTVRRdU1TQXhOQzR4SURBZ01DQXdJREF0TVRRdU1qUk5NelF3SURFME1TNDRObUU0TGpFZ09DNHhJREFnTUNBd0lEQXROeTQ1TkNJdlBqeHdZWFJvSUdacGJHdzlJbTV2Ym1VaUlITjBjbTlyWlQwaUkwWkdSaUlnYzNSeWIydGxMVzFwZEdWeWJHbHRhWFE5SWpFd0lpQmtQU0pOTWpVd0lERTVPQzR3TW5Zek1USnRMVEV4TUMwek1USjJNekV5YlRFeE1DQXdkaTB5TkNJdlBqeHdZWFJvSUdacGJHdzlJbTV2Ym1VaUlITjBjbTlyWlQwaUkwWkdSaUlnYzNSeWIydGxMVzFwZEdWeWJHbHRhWFE5SWpFd0lpQnpkSEp2YTJVdGQybGtkR2c5SWk0NU1TSWdaRDBpVFRFeU1DQXpOVFF1TURKb01qWXdiUzB5TmpBZ01UTXlhREkyTUcwdE1qWXdMVEkyTkdneU5qQWlMejQ4Y0dGMGFDQm1hV3hzUFNKdWIyNWxJaUJ6ZEhKdmEyVTlJaU5HUmtZaUlITjBjbTlyWlMxdGFYUmxjbXhwYldsMFBTSXhNQ0lnWkQwaVRUTTJNQ0F4T1RndU1ESjJNekV5SWk4K1BIQmhkR2dnWm1sc2JEMGlJekF3TjBaR1JpSWdaRDBpVFRNM01DQTBPVFl1TURKMkxUSTRORWd4TXpCMk1qZzBhREkwTUhvaUx6NDhaeUJ6ZEhKdmEyVTlJaU13TURkR1JrWWlJSE4wY205clpTMXRhWFJsY214cGJXbDBQU0l4TUNJZ2MzUnliMnRsTFhkcFpIUm9QU0l6SWo0OGNHRjBhQ0JtYVd4c1BTSWpNMEU1UlVaR0lpQmtQU0pOTXpZd0lESXlNaTR3TWtneE5EQjJNalkwYURJeU1IWXRNalkwSWk4K1BIQmhkR2dnWm1sc2JEMGlibTl1WlNJZ1pEMGlUVEUxTUNBeU1qSXVNREoyTWpZMGJURXdMVEkyTkhZeU5qUnRNVEF0TWpZMGRqSTJORzB4TUMweU5qUjJNalkwYlRFd0xUSTJOSFl5TmpSdE1UQXRNalkwZGpJMk5HMHhNQzB5TmpSMk1qWTBiVEV3TFRJMk5IWXlOalJ0TVRBdE1qWTBkakkyTkcweE1DMHlOalIyTWpZMGJURXdMVEkyTkhZeU5qUnRNVEF0TWpZMGRqSTJORzB4TUMweU5qUjJNalkwYlRFd0xUSTJOSFl5TmpSdE1UQXRNalkwZGpJMk5HMHhNQzB5TmpSMk1qWTBiVEV3TFRJMk5IWXlOalJ0TVRBdE1qWTBkakkyTkcweE1DMHlOalIyTWpZMGJURXdMVEkyTkhZeU5qUnRNVEF0TWpZMGRqSTJORzB0TWpFd0xURXlhREl5TUcwdE1qSXdMVEV5YURJeU1HMHRNakl3TFRFeWFESXlNRzB0TWpJd0xURXlhREl5TUcwdE1qSXdMVEV5YURJeU1HMHRNakl3TFRFeWFESXlNRzB0TWpJd0xURXlhREl5TUcwdE1qSXdMVEV5YURJeU1HMHRNakl3TFRFeWFESXlNRzB0TWpJd0xURXlhREl5TUcwdE1qSXdMVEV5YURJeU1HMHRNakl3TFRFeWFESXlNRzB0TWpJd0xURXlhREl5TUcwdE1qSXdMVEV5YURJeU1HMHRNakl3TFRFeWFESXlNRzB0TWpJd0xURXlhREl5TUcwdE1qSXdMVEV5YURJeU1HMHRNakl3TFRFeWFESXlNRzB0TWpJd0xURXlhREl5TUcwdE1qSXdMVEV5YURJeU1HMHRNakl3TFRFeWFESXlNQ0l2UGp3dlp6NDhaeUJtYVd4c1BTSnViMjVsSWlCemRISnZhMlU5SWlNd01EZEdSa1lpSUhOMGNtOXJaUzF0YVhSbGNteHBiV2wwUFNJeE1DSWdjM1J5YjJ0bExYZHBaSFJvUFNJMElqNDhZMmx5WTJ4bElHTjRQU0l5TURBaUlHTjVQU0l6TlRRaUlISTlJak1pTHo0OFkybHlZMnhsSUdONFBTSXlNalVpSUdONVBTSXpNalFpSUhJOUlqTWlMejQ4WTJseVkyeGxJR040UFNJeU1qVWlJR041UFNJek9EUWlJSEk5SWpNaUx6NDhZMmx5WTJ4bElHTjRQU0l5TnpVaUlHTjVQU0l6TWpRaUlISTlJak1pTHo0OFkybHlZMnhsSUdONFBTSXlOelVpSUdONVBTSXpPRFFpSUhJOUlqTWlMejQ4WTJseVkyeGxJR040UFNJeU5UQWlJR041UFNJek5UUWlJSEk5SWpNaUx6NDhZMmx5WTJ4bElHTjRQU0l6TURBaUlHTjVQU0l6TlRRaUlISTlJak1pTHo0OFkybHlZMnhsSUdONFBTSXlOVEFpSUdONVBTSTBNVFFpSUhJOUlqTWlMejQ4WTJseVkyeGxJR040UFNJeU1EQWlJR041UFNJeU9UUWlJSEk5SWpNaUx6NDhZMmx5WTJ4bElHTjRQU0l5TlRBaUlHTjVQU0l5T1RRaUlISTlJak1pTHo0OFkybHlZMnhsSUdONFBTSXpNREFpSUdONVBTSXlPVFFpSUhJOUlqTWlMejQ4TDJjK1BIQmhkR2dnWm1sc2JEMGlibTl1WlNJZ2MzUnliMnRsUFNJak1EQTNSa1pHSWlCemRISnZhMlV0ZDJsa2RHZzlJalFpSUdROUlrMHlOVEFnTkRnMkxqQXlkaTB5TmpSdE1URXdJREJJTVRRd2RqSTJOR2d5TWpCMkxUSTJOSHB0TUNBeE16SklNVFF3SWk4K1BHY2dabWxzYkQwaWJtOXVaU0lnYzNSeWIydGxMVzFwZEdWeWJHbHRhWFE5SWpFd0lqNDhjR0YwYUNCemRISnZhMlU5SWlNd01EZEdSa1lpSUhOMGNtOXJaUzEzYVdSMGFEMGlOQ0lnWkQwaWJURTBNQ0EwT0RZdU1ESWdNakl3TFRJMk5HMHdJREkyTkMweU1qQXRNalkwYlRFeE1DQXlOalIyTFRJMk5HMHdJREU1TWkwMU1DMDJNRzAxTUNBMk1DQTFNQzAyTUcwdE5UQXROakF0TlRBZ05qQnROVEF0TmpBZ05UQWdOakJ0TUNBeE5DNDVPR0UxTUM0d01TQTFNQzR3TVNBd0lEQWdNUzAxTUNBMU1DQTFNQzR3TkNBMU1DNHdOQ0F3SURBZ01TMHpOUzR6TmkweE5DNDJORUUxTUM0d05DQTFNQzR3TkNBd0lEQWdNU0F5TURBZ016WTVkaTAzTldneE1EQjJOelY2YlRZd0xURTBMams0U0RFME1HMHlNakF0TVRNeVNERTBNSFl5TmpSb01qSXdkaTB5TmpSNklpOCtQSEJoZEdnZ2MzUnliMnRsUFNJalJrWkdJaUJrUFNKdE1UUXdJRFE0Tmk0d01pQXlNakF0TWpZMGJUQWdNalkwTFRJeU1DMHlOalJ0TVRFd0lESTJOSFl0TWpZMGJUQWdNVGt5TFRVd0xUWXdiVFV3SURZd0lEVXdMVFl3YlMwMU1DMDJNQzAxTUNBMk1HMDFNQzAyTUNBMU1DQTJNRzB3SURFMExqazRZVFV3TGpBeElEVXdMakF4SURBZ01DQXhMVFV3SURVd0lEVXdMakEwSURVd0xqQTBJREFnTUNBeExUTTFMak0yTFRFMExqWTBRVFV3TGpBMElEVXdMakEwSURBZ01DQXhJREl3TUNBek5qbDJMVGMxYURFd01IWTNOWHB0TmpBdE1UUXVPVGhJTVRRd2JUSXlNQzB4TXpKSU1UUXdkakkyTkdneU1qQjJMVEkyTkhvaUx6NDhMMmMrUEdjZ1ptbHNiRDBpSTBaR1JpSStQR05wY21Oc1pTQmplRDBpTWpBd0lpQmplVDBpTXpVMElpQnlQU0l6SWk4K1BHTnBjbU5zWlNCamVEMGlNakkxSWlCamVUMGlNekkwSWlCeVBTSXpJaTgrUEdOcGNtTnNaU0JqZUQwaU1qSTFJaUJqZVQwaU16ZzBJaUJ5UFNJeklpOCtQR05wY21Oc1pTQmplRDBpTWpjMUlpQmplVDBpTXpJMElpQnlQU0l6SWk4K1BHTnBjbU5zWlNCamVEMGlNamMxSWlCamVUMGlNemcwSWlCeVBTSXpJaTgrUEdOcGNtTnNaU0JqZUQwaU1qVXdJaUJqZVQwaU16VTBJaUJ5UFNJeklpOCtQR05wY21Oc1pTQmplRDBpTXpBd0lpQmplVDBpTXpVMElpQnlQU0l6SWk4K1BHTnBjbU5zWlNCamVEMGlNalV3SWlCamVUMGlOREUwSWlCeVBTSXpJaTgrUEdOcGNtTnNaU0JqZUQwaU1qQXdJaUJqZVQwaU1qazBJaUJ5UFNJeklpOCtQR05wY21Oc1pTQmplRDBpTWpVd0lpQmplVDBpTWprMElpQnlQU0l6SWk4K1BHTnBjbU5zWlNCamVEMGlNekF3SWlCamVUMGlNamswSWlCeVBTSXpJaTgrUEM5blBqeHNhVzVsWVhKSGNtRmthV1Z1ZENCcFpEMGlZaUlnZURFOUlqRTFNUzR5T0NJZ2VESTlJakUzT0M0eU15SWdlVEU5SWpFMU9DNDBOU0lnZVRJOUlqRXdOaTR4SWlCbmNtRmthV1Z1ZEZWdWFYUnpQU0oxYzJWeVUzQmhZMlZQYmxWelpTSStQSE4wYjNBZ2IyWm1jMlYwUFNJd0lpQnpkRzl3TFdOdmJHOXlQU0lqWm1abUlpOCtQSE4wYjNBZ2IyWm1jMlYwUFNJeElpQnpkRzl3TFdOdmJHOXlQU0lqWVRsaE9XRTVJaTgrUEM5c2FXNWxZWEpIY21Ga2FXVnVkRDQ4Y0dGMGFDQm1hV3hzUFNKMWNtd29JMklwSWlCa1BTSnRNVGcySURFd09DQXVPU0F5TGpFMkxUZ3VNaUE1TGpnMGFDMHlMalJzTFRndU1pMDVMamcwTGprdE1pNHhObWd4TjNwdExqUXhJREk1SUM0ME9TMHhMakUyTFRndU1pMDVMamcwYUMweUxqUnNMVGd1TWlBNUxqZzBMalE1SURFdU1UWm9NVGN1T0RKNmJTMHhPUzQ1TFRJMUxqWXpMUzQxTVM0eU1uWXlNaTQ0TW13dU5URXVNaklnT0MwNUxqVTVWakV5TVd3dE9DMDVMall6ZWsweE5qUWdNVE0wTGpReGRpMHlNaTQ0TW13dExqVXhMUzR5TWkwM0xqazVJRGt1TmpOMk5HdzRJRGt1TlRrdU5TMHVNVGg2VFRFMU1TNHpJREV5Tm13dE9DNHlJRGt1T0RRdU5Ea2dNUzR4Tm1neE55NDRNbXd1TkRrdE1TNHhOaTA0TGpJdE9TNDROR2d0TWk0MGVtMHlPUzR5SURJMWRqUnNOQ0EwTGpjemFERXVNRGRoTWpRdU9ERWdNalF1T0RFZ01DQXdJREFnTkM0ME15MHhOQzR5TkZZeE5ESnNMVEV1TlRFdExqWXlMVGN1T1RrZ09TNDJNbnB0TFRNeElEQXRPQzA1TGpVNExURXVOUzQxT0hZekxqVmhNalF1T0RrZ01qUXVPRGtnTUNBd0lEQWdOQzQwT0NBeE5DNHlPR2d4TGpBM2JEUXROQzQzTkMwdU1EVXROQzR3TkhwdE16RXRNekIyTkd3NElEa3VOVGtnTVM0MUxTNDFPWFl0TWpKc0xURXVOVEV0TGpZekxUY3VPVGtnT1M0Mk0zcHRNaTQyTkNBME1DNHpPRXd4TnpndU55QXhOVFpvTFRJdU5Hd3RPQzR6SURFd2RqTXVObXd4TGpBMkxqWXhZVEkwTGprZ01qUXVPU0F3SURBZ01DQXhOQzR3T1MwM0xqUTRiQzB1TURFdE1TNHpOWHBOTVRjNExqY2dNVFV3YkRndU1pMDVMamcwTFM0ME9TMHhMakUyYUMweE55NDRNbXd0TGpRNUlERXVNVFlnT0M0eUlEa3VPRFJvTWk0MGVrMHhOaklnTVRZNUxqVTRWakUyTm13dE9DNHpMVEV3YUMweUxqUnNMVFF1TkRRZ05TNHpOSFl4TGpNMVlUSTFJREkxSURBZ01DQXdJREUwTGpFMElEY3VORGxzTVMwdU5ucE5NVGMwTGpVZ01UVXhiQzA0TFRrdU5Ua3RMalV4TGpJeVZqRTJOR3d1TnpNdU16WWdOeTQzT0MwNUxqTTJkaTAwZWsweE5qUWdNVFkwZGkweU1pNDBNV3d0TGpVeExTNHlNaTAzTGprNUlEa3VOak4yTkd3M0xqYzNJRGt1TXpJdU56TXRMak15ZW0wdE1qSXVORGt0TWprdU16Y2dPQzA1TGpVNVZqRXlNV3d0T0MwNUxqVTVMVEV1TlRFdU5UbDJNakpzTVM0MU1TNDJNM3BOTVRVekxqY2dNVFV3YkRndU1pMDVMamcwTFM0ME9TMHhMakUyYUMweE55NDRNbXd0TGpRNUlERXVNVFlnT0M0eUlEa3VPRFJvTWk0MGVtMHRPUzQzTFRReUxTNDVJREl1TVRZZ09DNHlJRGt1T0RSb01pNDBiRGd1TWkwNUxqZzBMUzQ1TFRJdU1UWm9MVEUzZWlJdlBqd3ZjM1puUGc9PSIsICJhdHRyaWJ1dGVzIjogW3sidHJhaXRfdHlwZSI6ICJTdGF0dXMiLCAidmFsdWUiOiJVbmJ1aWx0In1dfQ=="`;
